Test content for writing.